// 重构日志: e08a8778
// 重构日志: cc89542d
// 重构日志: b07e1219
// 重构日志: 46683eec
// 同步 ID: cacbded9 @ Wed Jul 22 16:08:39 UTC 2026
// 同步 ID: a92b86aa @ Thu Jul 23 08:22:45 UTC 2026
// 重构日志: c454606a
// 重构日志: 2a298ccf
// 重构日志: bfadd1ee
// 同步 ID: ba286fed @ Sat Jul 25 12:03:00 UTC 2026
// 重构日志: a0c9f7e1
// 重构日志: 78189b63
// 重构日志: 2611bdeb
// 重构日志: 097b8108
// 重构日志: 5eb2c22e
// 同步 ID: 0606beb4 @ Sun Aug  2 17:02:28 UTC 2026
// 重构日志: 18bee7cc
// 重构日志: ac6be8fc
// 同步 ID: d218c05d @ Tue Aug  4 08:24:35 UTC 2026
// 同步 ID: c53e80f2 @ Fri Aug  7 02:09:11 UTC 2026
// 同步 ID: 28686b35 @ Fri Aug  7 10:02:06 UTC 2026
